Microchip MPLAB XC8 Compiler V2.46

Linker command line:

-W-3 \
  --edf=C:\Program Files\Microchip\xc8\v2.46\pic\dat\20240104201356_en.msgs \
  -cn -h+dist/default/production\ex_2.X.production.sym \
  --cmf=dist/default/production\ex_2.X.production.cmf -z -Q18F4550 \
  -oC:\Users\Aula\AppData\Local\Temp\xcAs3n0.\driver_tmp_3.o \
  --defsym=__MPLAB_BUILD=1 --fixupoverflow=error \
  -Mdist/default/production/ex_2.X.production.map \
  --md=C:\Users\Aula\AppData\Local\Temp\xcAs3n0.\driver_tmp_0.dat -E1 \
  -ver=XC8 Compiler --acfsm=1493 -ACODE=00h-07FFFh -ACONST=00h-07FFFh \
  -ASMALLCONST=0800h-08FFhx120 -AMEDIUMCONST=0800h-07FFFh -ACOMRAM=01h-05Fh \
  -AABS1=00h-07FFh -ABIGRAM=01h-07FFh -ARAM=060h-0FFh,0100h-01FFhx7 \
  -ABANK0=060h-0FFh -ABANK1=0100h-01FFh -ABANK2=0200h-02FFh \
  -ABANK3=0300h-03FFh -ABANK4=0400h-04FFh -ABANK5=0500h-05FFh \
  -ABANK6=0600h-06FFh -ABANK7=0700h-07FFh -ASFR=0F60h-0FFFh \
  -ABIGSFR=0F60h-0FFFh -ACONFIG=0300000h-030000Dh -AIDLOC=0200000h-0200007h \
  -AEEDATA=0F00000h-0F000FFh -peeprom_data=EEDATA \
  -preset_vec=00h,intcode,sivt_hi,intcodelo,sivt_lo,powerup,init \
  -pramtop=0800h -psmallconst=SMALLCONST -pmediumconst=MEDIUMCONST \
  -pconst=CONST -AFARRAM=00h-00h \
  -prdata=COMRAM,nvrram=COMRAM,nvbit=COMRAM,rbss=COMRAM,rbit=COMRAM \
  -pfarbss=FARRAM,fardata=FARRAM,nvFARRAM=FARRAM \
  -pintsave_regs=BIGRAM,bigbss=BIGRAM,bigdata=BIGRAM -pbss=RAM \
  -pidata=CODE,irdata=CODE,ibigdata=CODE,ifardata=CODE -prparam=COMRAM \
  C:\Users\Aula\AppData\Local\Temp\xcAs3n0.\driver_tmp_9.o \
  dist/default/production\ex_2.X.production.o 

Object code version is 3.11

Machine type is 18F4550



                Name                               Link     Load   Length Selector   Space Scale
C:\Users\Aula\AppData\Local\Temp\xcAs3n0.\driver_tmp_9.o
                config                           300000   300000        E        0       4
                init                                  0        0        4        0       0
dist/default/production\ex_2.X.production.o
                config                           300000   300000        E        0       4
                smallconst                          800      800       18      400       0
                text12                             1354     1354       48      40C       0
                text11                             151A     151A        8      40C       0
                text10                             14C8     14C8       2A      40C       0
                text9                              12AA     12AA       5C      40C       0
                text8                               818      818      4A8      40C       0
                text7                              149E     149E       2A      40C       0
                text6                              139C     139C       44      40C       0
                text5                              1178     1178       C4      40C       0
                text4                              14F2     14F2       28      40C       0
                text3                              1460     1460       3E      40C       0
                text2                              1022     1022      156      40C       0
                text1                              123C     123C       6E      40C       0
                text0                               CC0      CC0      362      40C       0
                cstackCOMRAM                         41       41       17        1       1
                dataBANK0                            60       60       40       60       1
                dataCOMRAM                            1        1       40        1       1
                bssCOMRAM                            58       58        2        1       1
                cinit                              1306     1306       4E      40C       0
                idataBANK0                         1420     1420       40      40C       0
                idataCOMRAM                        13E0     13E0       40      40C       0

TOTAL           Name                               Link     Load   Length     Space
        CLASS   CODE           
                init                                  0        0        4         0
                text12                             1354     1354       48         0
                text11                             151A     151A        8         0
                text10                             14C8     14C8       2A         0
                text9                              12AA     12AA       5C         0
                text8                               818      818      4A8         0
                text7                              149E     149E       2A         0
                text6                              139C     139C       44         0
                text5                              1178     1178       C4         0
                text4                              14F2     14F2       28         0
                text3                              1460     1460       3E         0
                text2                              1022     1022      156         0
                text1                              123C     123C       6E         0
                text0                               CC0      CC0      362         0
                cinit                              1306     1306       4E         0
                idataBANK0                         1420     1420       40         0
                idataCOMRAM                        13E0     13E0       40         0

        CLASS   CONST          

        CLASS   SMALLCONST     
                smallconst                          800      800       18         0

        CLASS   MEDIUMCONST    

        CLASS   COMRAM         
                cstackCOMRAM                         41       41       17         1
                dataCOMRAM                            1        1       40         1
                bssCOMRAM                            58       58        2         1

        CLASS   ABS1           

        CLASS   BIGRAM         

        CLASS   RAM            

        CLASS   BANK0          
                dataBANK0                            60       60       40         1

        CLASS   BANK1          

        CLASS   BANK2          

        CLASS   BANK3          

        CLASS   BANK4          

        CLASS   BANK5          

        CLASS   BANK6          

        CLASS   BANK7          

        CLASS   SFR            

        CLASS   BIGSFR         

        CLASS   CONFIG         
                config                           300000   300000        E         4

        CLASS   IDLOC          

        CLASS   EEDATA         

        CLASS   FARRAM         

        CLASS   HEAP           

        CLASS   STACK          



SEGMENTS        Name                           Load    Length   Top    Selector   Space  Class

                reset_vec                      000000  000004  000004         0       0  CODE    
                dataCOMRAM                     000001  000059  00005A         1       1  COMRAM  
                dataBANK0                      000060  000040  0000A0        60       1  BANK0   
                smallconst                     000800  000018  000818       400       0  SMALLCON
                text8                          000818  000D0A  001522       40C       0  CODE    


UNUSED ADDRESS RANGES

        Name                Unused          Largest block    Delta
        BANK0            0000A0-0000FF               60
        BANK1            000100-0001FF              100
        BANK2            000200-0002FF              100
        BANK3            000300-0003FF              100
        BANK4            000400-0004FF              100
        BANK5            000500-0005FF              100
        BANK6            000600-0006FF              100
        BANK7            000700-0007FF              100
        BIGRAM           00005A-00005F                6
                         0000A0-0007FF              760
        BIGSFR           000F60-000FFF               A0
        CODE             000004-0007FF              7FC
                         001522-007FFF             6ADE
        COMRAM           00005A-00005F                6
        CONST            000004-0007FF              7FC
                         001522-007FFF             6ADE
        EEDATA           F00000-F000FF              100
        IDLOC            200000-200007                8
        MEDIUMCONST      001522-007FFF             6ADE
        RAM              0000A0-0007FF              100
        SFR              000F60-000FFF               A0
        SMALLCONST       001522-007FFF              100

                                  Symbol Table

?___awdiv                         cstackCOMRAM 000041
_ADCON1                           (abs)        000FC1
_LATD                             (abs)        000F8C
_PORTB                            (abs)        000F81
_PORTBbits                        (abs)        000F81
_PORTD                            (abs)        000F83
_PORTEbits                        (abs)        000F84
_TRISB                            (abs)        000F93
_TRISD                            (abs)        000F95
_TRISE                            (abs)        000F96
__HRAM                            (abs)        000000
__H__absolute__                   __absolute__ 000000
__Habs1                           abs1         000000
__Hbank0                          bank0        000000
__Hbank1                          bank1        000000
__Hbank2                          bank2        000000
__Hbank3                          bank3        000000
__Hbank4                          bank4        000000
__Hbank5                          bank5        000000
__Hbank6                          bank6        000000
__Hbank7                          bank7        000000
__Hbigbss                         bigbss       000000
__Hbigdata                        bigdata      000000
__Hbigram                         bigram       000000
__Hbigsfr                         bigsfr       000000
__Hbss                            bss          000000
__HbssCOMRAM                      bssCOMRAM    000000
__Hcinit                          cinit        000000
__Hclrtext                        clrtext      000000
__Hcomram                         comram       000000
__Hconfig                         config       30000E
__Hconst                          const        000000
__HcstackCOMRAM                   cstackCOMRAM 000000
__Hdata                           data         000000
__HdataBANK0                      dataBANK0    000000
__HdataCOMRAM                     dataCOMRAM   000000
__Heeprom_data                    eeprom_data  000000
__Hfarbss                         farbss       000000
__Hfardata                        fardata      000000
__Hheap                           heap         000000
__Hibigdata                       ibigdata     000000
__Hidata                          idata        000000
__HidataBANK0                     idataBANK0   000000
__HidataCOMRAM                    idataCOMRAM  000000
__Hidloc                          idloc        000000
__Hifardata                       ifardata     000000
__Hinit                           init         000004
__Hintcode                        intcode      000000
__Hintcode_body                   intcode_body 000000
__Hintcodelo                      intcodelo    000000
__Hintentry                       intentry     000000
__Hintret                         intret       000000
__Hintsave_regs                   intsave_regs 000000
__Hirdata                         irdata       000000
__Hmediumconst                    mediumconst  000000
__HnvFARRAM                       nvFARRAM     000000
__Hnvbit                          nvbit        000000
__Hnvrram                         nvrram       000000
__Hparam                          rparam       000000
__Hpowerup                        powerup      000000
__Hram                            ram          000000
__Hramtop                         ramtop       000800
__Hrbit                           rbit         000000
__Hrbss                           rbss         000000
__Hrdata                          rdata        000000
__Hreset_vec                      reset_vec    000000
__Hrparam                         rparam       000000
__Hsfr                            sfr          000000
__Hsivt_hi                        sivt_hi      000000
__Hsivt_lo                        sivt_lo      000000
__Hsmallconst                     smallconst   000818
__Hspace_0                        (abs)        001522
__Hspace_1                        (abs)        0000A0
__Hspace_2                        (abs)        000000
__Hspace_4                        (abs)        60000E
__Hstack                          stack        000000
__Hstruct                         struct       000000
__Htemp                           temp         000000
__Htext                           text         000000
__Htext0                          text0        000000
__Htext1                          text1        000000
__Htext10                         text10       000000
__Htext11                         text11       000000
__Htext12                         text12       000000
__Htext2                          text2        000000
__Htext3                          text3        000000
__Htext4                          text4        000000
__Htext5                          text5        000000
__Htext6                          text6        000000
__Htext7                          text7        000000
__Htext8                          text8        000000
__Htext9                          text9        000000
__LRAM                            (abs)        000001
__L__absolute__                   __absolute__ 000000
__Labs1                           abs1         000000
__Lbank0                          bank0        000000
__Lbank1                          bank1        000000
__Lbank2                          bank2        000000
__Lbank3                          bank3        000000
__Lbank4                          bank4        000000
__Lbank5                          bank5        000000
__Lbank6                          bank6        000000
__Lbank7                          bank7        000000
__Lbigbss                         bigbss       000000
__Lbigdata                        bigdata      000000
__Lbigram                         bigram       000000
__Lbigsfr                         bigsfr       000000
__Lbss                            bss          000000
__LbssCOMRAM                      bssCOMRAM    000000
__Lcinit                          cinit        000000
__Lclrtext                        clrtext      000000
__Lcomram                         comram       000000
__Lconfig                         config       000000
__Lconst                          const        000000
__LcstackCOMRAM                   cstackCOMRAM 000000
__Ldata                           data         000000
__LdataBANK0                      dataBANK0    000000
__LdataCOMRAM                     dataCOMRAM   000000
__Leeprom_data                    eeprom_data  000000
__Lfarbss                         farbss       000000
__Lfardata                        fardata      000000
__Lheap                           heap         000000
__Libigdata                       ibigdata     000000
__Lidata                          idata        000000
__LidataBANK0                     idataBANK0   000000
__LidataCOMRAM                    idataCOMRAM  000000
__Lidloc                          idloc        000000
__Lifardata                       ifardata     000000
__Linit                           init         000000
__Lintcode                        intcode      000000
__Lintcode_body                   intcode_body 000000
__Lintcodelo                      intcodelo    000000
__Lintentry                       intentry     000000
__Lintret                         intret       000000
__Lintsave_regs                   intsave_regs 000000
__Lirdata                         irdata       000000
__Lmediumconst                    mediumconst  000000
__LnvFARRAM                       nvFARRAM     000000
__Lnvbit                          nvbit        000000
__Lnvrram                         nvrram       000000
__Lparam                          rparam       000000
__Lpowerup                        powerup      000000
__Lram                            ram          000000
__Lramtop                         ramtop       000800
__Lrbit                           rbit         000000
__Lrbss                           rbss         000000
__Lrdata                          rdata        000000
__Lreset_vec                      reset_vec    000000
__Lrparam                         rparam       000000
__Lsfr                            sfr          000000
__Lsivt_hi                        sivt_hi      000000
__Lsivt_lo                        sivt_lo      000000
__Lsmallconst                     smallconst   000800
__Lspace_0                        (abs)        000000
__Lspace_1                        (abs)        000000
__Lspace_2                        (abs)        000000
__Lspace_4                        (abs)        000000
__Lstack                          stack        000000
__Lstruct                         struct       000000
__Ltemp                           temp         000000
__Ltext                           text         000000
__Ltext0                          text0        000000
__Ltext1                          text1        000000
__Ltext10                         text10       000000
__Ltext11                         text11       000000
__Ltext12                         text12       000000
__Ltext2                          text2        000000
__Ltext3                          text3        000000
__Ltext4                          text4        000000
__Ltext5                          text5        000000
__Ltext6                          text6        000000
__Ltext7                          text7        000000
__Ltext8                          text8        000000
__Ltext9                          text9        000000
__S0                              (abs)        001522
__S1                              (abs)        0000A0
__S4                              (abs)        000000
__S5                              (abs)        000000
___awdiv                          text5        001178
___awdiv@counter                  cstackCOMRAM 000045
___awdiv@dividend                 cstackCOMRAM 000041
___awdiv@divisor                  cstackCOMRAM 000043
___awdiv@quotient                 cstackCOMRAM 000047
___awdiv@sign                     cstackCOMRAM 000046
___heap_hi                        (abs)        000000
___heap_lo                        (abs)        000000
___inthi_sp                       stack        000000
___inthi_stack_hi                 stack        000000
___inthi_stack_lo                 stack        000000
___intlo_sp                       stack        000000
___intlo_stack_hi                 stack        000000
___intlo_stack_lo                 stack        000000
___param_bank                     (abs)        000000
___rparam_used                    (abs)        000001
___sp                             stack        000000
___stack_hi                       stack        000000
___stack_lo                       stack        000000
__accesstop                       (abs)        000060
__activetblptr                    (abs)        000002
__end_of___awdiv                  text5        00123C
__end_of__initialization          cinit        00134A
__end_of_atraso_ms                text12       00139C
__end_of_lcd_cmd                  text10       0014F2
__end_of_lcd_dat                  text7        0014C8
__end_of_lcd_init                 text9        001306
__end_of_lcd_pos                  text8        000CC0
__end_of_lcd_str                  text6        0013E0
__end_of_lcd_wr                   text11       001522
__end_of_main                     text0        001022
__end_of_print_special_character  text4        00151A
__end_of_special_char             text3        00149E
__end_of_trata_teclas             text1        0012AA
__end_of_varre_teclas             text2        001178
__initialization                  cinit        001306
__mediumconst                     mediumconst  000000
__pbssCOMRAM                      bssCOMRAM    000058
__pcinit                          cinit        001306
__pcstackCOMRAM                   cstackCOMRAM 000041
__pdataBANK0                      dataBANK0    000060
__pdataCOMRAM                     dataCOMRAM   000001
__pidataBANK0                     idataBANK0   001420
__pidataCOMRAM                    idataCOMRAM  0013E0
__psmallconst                     smallconst   000800
__ptext0                          text0        000CC0
__ptext1                          text1        00123C
__ptext10                         text10       0014C8
__ptext11                         text11       00151A
__ptext12                         text12       001354
__ptext2                          text2        001022
__ptext3                          text3        001460
__ptext4                          text4        0014F2
__ptext5                          text5        001178
__ptext6                          text6        00139C
__ptext7                          text7        00149E
__ptext8                          text8        000818
__ptext9                          text9        0012AA
__ramtop                          ramtop       000800
__smallconst                      smallconst   000800
_atraso_ms                        text12       001354
_data1                            dataCOMRAM   000039
_data10                           dataBANK0    000090
_data11                           dataBANK0    000088
_data12                           dataBANK0    000080
_data13                           dataBANK0    000078
_data14                           dataBANK0    000070
_data15                           dataBANK0    000068
_data16                           dataBANK0    000060
_data2                            dataCOMRAM   000031
_data3                            dataCOMRAM   000029
_data4                            dataCOMRAM   000021
_data5                            dataCOMRAM   000019
_data6                            dataCOMRAM   000011
_data7                            dataCOMRAM   000009
_data8                            dataCOMRAM   000001
_data9                            dataBANK0    000098
_lcd_cmd                          text10       0014C8
_lcd_dat                          text7        00149E
_lcd_init                         text9        0012AA
_lcd_pos                          text8        000818
_lcd_str                          text6        00139C
_lcd_wr                           text11       00151A
_main                             text0        000CC0
_print_special_character          text4        0014F2
_special_char                     text3        001460
_tecla                            bssCOMRAM    000059
_tecla_pres                       bssCOMRAM    000058
_trata_teclas                     text1        00123C
_varre_teclas                     text2        001022
atraso_ms@i                       cstackCOMRAM 000043
atraso_ms@j                       cstackCOMRAM 000045
atraso_ms@valor                   cstackCOMRAM 000041
end_of_initialization             cinit        00134A
intlevel0                         text         000000
intlevel1                         text         000000
intlevel2                         text         000000
intlevel3                         text         000000
isa$std                           (abs)        000001
isa$xinst                         (abs)        000000
lcd_cmd@val                       cstackCOMRAM 000046
lcd_dat@val                       cstackCOMRAM 000046
lcd_pos@col                       cstackCOMRAM 000041
lcd_pos@line                      cstackCOMRAM 000042
lcd_str@i                         cstackCOMRAM 000049
lcd_str@str                       cstackCOMRAM 000047
lcd_wr@val                        cstackCOMRAM 000041
main@i                            cstackCOMRAM 00004E
main@i_157                        cstackCOMRAM 000050
main@i_158                        cstackCOMRAM 000052
main@i_159                        cstackCOMRAM 000054
main@i_163                        cstackCOMRAM 000056
main@tecla_atual                  cstackCOMRAM 00004D
print_special_character@cgram_loc cstackCOMRAM 00004A
print_special_character@lcd_loc   cstackCOMRAM 000049
special_char@cgram_loc            cstackCOMRAM 000048
special_char@data                 cstackCOMRAM 000047
special_char@j                    cstackCOMRAM 000049
stackhi                           (abs)        000000
stacklo                           (abs)        000000
start                             init         000000
start_initialization              cinit        001306
trata_teclas@t                    cstackCOMRAM 000043
varre_teclas@key                  cstackCOMRAM 000041


MODULE INFORMATION

Module		Function		Class		Link	Load	Size
../../../Documents/P2/CHAR_ESP2_TECLAS/caracters_especiais.c
		_main          		CODE           	0CC0	0000	866
		_special_char  		CODE           	1460	0000	62
		_lcd_pos       		CODE           	0818	0000	1192
		_print_special_character		CODE           	14F2	0000	40

../../../Documents/P2/CHAR_ESP2_TECLAS/caracters_especiais.c estimated size: 2160

C:\Program Files\Microchip\xc8\v2.46\pic\sources\c90\common\awdiv.c
		___awdiv       		CODE           	1178	0000	196

C:\Program Files\Microchip\xc8\v2.46\pic\sources\c90\common\awdiv.c estimated size: 196

../../../Documents/P2/CHAR_ESP2_TECLAS/atraso.c
		_atraso_ms     		CODE           	1354	0000	72

../../../Documents/P2/CHAR_ESP2_TECLAS/atraso.c estimated size: 72

../../../Documents/P2/CHAR_ESP2_TECLAS/lcd.c
		_lcd_cmd       		CODE           	14C8	0000	42
		_lcd_dat       		CODE           	149E	0000	42
		_lcd_wr        		CODE           	151A	0000	8
		_lcd_str       		CODE           	139C	0000	68
		_lcd_init      		CODE           	12AA	0000	92

../../../Documents/P2/CHAR_ESP2_TECLAS/lcd.c estimated size: 252

../../../Documents/P2/CHAR_ESP2_TECLAS/16Keys.c
		_varre_teclas  		CODE           	1022	0000	342
		_trata_teclas  		CODE           	123C	0000	110

../../../Documents/P2/CHAR_ESP2_TECLAS/16Keys.c estimated size: 452

shared
		__initialization		CODE           	1306	0000	68

shared estimated size: 68

