Microchip MPLAB XC8 Compiler V2.46

Linker command line:

-W-3 \
  --edf=C:\Program Files\Microchip\xc8\v2.46\pic\dat\20240104201356_en.msgs \
  -cn -h+dist/default/production\ex_5.X.production.sym \
  --cmf=dist/default/production\ex_5.X.production.cmf -z -Q18F4550 \
  -oC:\Users\Aula\AppData\Local\Temp\xcAs2pc.\driver_tmp_3.o \
  --defsym=__MPLAB_BUILD=1 --fixupoverflow=error \
  -Mdist/default/production/ex_5.X.production.map \
  --md=C:\Users\Aula\AppData\Local\Temp\xcAs2pc.\driver_tmp_0.dat -E1 \
  -ver=XC8 Compiler --acfsm=1493 -ACODE=00h-07FFFh -ACONST=00h-07FFFh \
  -ASMALLCONST=0800h-08FFhx120 -AMEDIUMCONST=0800h-07FFFh -ACOMRAM=01h-05Fh \
  -AABS1=00h-07FFh -ABIGRAM=01h-07FFh -ARAM=060h-0FFh,0100h-01FFhx7 \
  -ABANK0=060h-0FFh -ABANK1=0100h-01FFh -ABANK2=0200h-02FFh \
  -ABANK3=0300h-03FFh -ABANK4=0400h-04FFh -ABANK5=0500h-05FFh \
  -ABANK6=0600h-06FFh -ABANK7=0700h-07FFh -ASFR=0F60h-0FFFh \
  -ABIGSFR=0F60h-0FFFh -ACONFIG=0300000h-030000Dh -AIDLOC=0200000h-0200007h \
  -AEEDATA=0F00000h-0F000FFh -peeprom_data=EEDATA \
  -preset_vec=00h,intcode=8h,intcodelo,powerup,init -pramtop=0800h \
  -psmallconst=SMALLCONST -pmediumconst=MEDIUMCONST -pconst=CONST \
  -AFARRAM=00h-00h \
  -prdata=COMRAM,nvrram=COMRAM,nvbit=COMRAM,rbss=COMRAM,rbit=COMRAM \
  -pfarbss=FARRAM,fardata=FARRAM,nvFARRAM=FARRAM \
  -pintsave_regs=BIGRAM,bigbss=BIGRAM,bigdata=BIGRAM -pbss=RAM \
  -pidata=CODE,irdata=CODE,ibigdata=CODE,ifardata=CODE -prparam=COMRAM \
  C:\Users\Aula\AppData\Local\Temp\xcAs2pc.\driver_tmp_9.o \
  dist/default/production\ex_5.X.production.o 

Object code version is 3.11

Machine type is 18F4550



                Name                               Link     Load   Length Selector   Space Scale
C:\Users\Aula\AppData\Local\Temp\xcAs2pc.\driver_tmp_9.o
                config                           300000   300000        E        0       4
                init                                  E        E        4        4       0
                reset_vec                             0        0        4        0       0
dist/default/production\ex_5.X.production.o
                intcode                               8        8        6        4       0
                config                           300000   300000        E        0       4
                temp                                 3D       3D        1        1       1
                smallconst                          800      800       16      400       0
                intcode_body                       10C4     10C4      11E      40B       0
                text18                             16EE     16EE        6      40B       0
                text17                             16D8     16D8        E      40B       0
                text16                             131E     131E       74      40B       0
                text15                             1468     1468       64      40B       0
                text14                             1400     1400       68      40B       0
                text13                             1580     1580       48      40B       0
                text12                             16E6     16E6        8      40B       0
                text11                             166A     166A       2A      40B       0
                text10                             14CC     14CC       5C      40B       0
                text9                               816      816      514      40B       0
                text8                              1528     1528       58      40B       0
                text7                              1640     1640       2A      40B       0
                text6                              12A6     12A6       78      40B       0
                text5                              11E2     11E2       C4      40B       0
                text4                              1694     1694       28      40B       0
                text3                              15C8     15C8       3E      40B       0
                text2                               F6E      F6E      156      40B       0
                text1                              1392     1392       6E      40B       0
                text0                               D2A      D2A      244      40B       0
                cstackCOMRAM                         1D       1D       1A        1       1
                dataCOMRAM                            1        1       1C        1       1
                bssCOMRAM                            37       37        6        1       1
                cinit                              1606     1606       3A      40B       0
                idataCOMRAM                        16BC     16BC       1C      40B       0

TOTAL           Name                               Link     Load   Length     Space
        CLASS   CODE           
                intcode                               8        8        6         0
                init                                  E        E        4         0
                reset_vec                             0        0        4         0
                intcode_body                       10C4     10C4      11E         0
                text18                             16EE     16EE        6         0
                text17                             16D8     16D8        E         0
                text16                             131E     131E       74         0
                text15                             1468     1468       64         0
                text14                             1400     1400       68         0
                text13                             1580     1580       48         0
                text12                             16E6     16E6        8         0
                text11                             166A     166A       2A         0
                text10                             14CC     14CC       5C         0
                text9                               816      816      514         0
                text8                              1528     1528       58         0
                text7                              1640     1640       2A         0
                text6                              12A6     12A6       78         0
                text5                              11E2     11E2       C4         0
                text4                              1694     1694       28         0
                text3                              15C8     15C8       3E         0
                text2                               F6E      F6E      156         0
                text1                              1392     1392       6E         0
                text0                               D2A      D2A      244         0
                cinit                              1606     1606       3A         0
                idataCOMRAM                        16BC     16BC       1C         0

        CLASS   CONST          

        CLASS   SMALLCONST     
                smallconst                          800      800       16         0

        CLASS   MEDIUMCONST    

        CLASS   COMRAM         
                temp                                 3D       3D        1         1
                cstackCOMRAM                         1D       1D       1A         1
                dataCOMRAM                            1        1       1C         1
                bssCOMRAM                            37       37        6         1

        CLASS   ABS1           

        CLASS   BIGRAM         

        CLASS   RAM            

        CLASS   BANK0          

        CLASS   BANK1          

        CLASS   BANK2          

        CLASS   BANK3          

        CLASS   BANK4          

        CLASS   BANK5          

        CLASS   BANK6          

        CLASS   BANK7          

        CLASS   SFR            

        CLASS   BIGSFR         

        CLASS   CONFIG         
                config                           300000   300000        E         4

        CLASS   IDLOC          

        CLASS   EEDATA         

        CLASS   FARRAM         

        CLASS   HEAP           

        CLASS   STACK          



SEGMENTS        Name                           Load    Length   Top    Selector   Space  Class

                reset_vec                      000000  000004  000004         0       0  CODE    
                dataCOMRAM                     000001  00003D  00003E         1       1  COMRAM  
                intcode                        000008  00000A  000012         4       0  CODE    
                smallconst                     000800  000016  000816       400       0  SMALLCON
                text9                          000816  000EDE  0016F4       40B       0  CODE    


UNUSED ADDRESS RANGES

        Name                Unused          Largest block    Delta
        BANK0            000060-0000FF               A0
        BANK1            000100-0001FF              100
        BANK2            000200-0002FF              100
        BANK3            000300-0003FF              100
        BANK4            000400-0004FF              100
        BANK5            000500-0005FF              100
        BANK6            000600-0006FF              100
        BANK7            000700-0007FF              100
        BIGRAM           00003E-0007FF              7C2
        BIGSFR           000F60-000FFF               A0
        CODE             000004-000007                4
                         000012-0007FF              7EE
                         0016F4-007FFF             690C
        COMRAM           00003E-00005F               22
        CONST            000004-000007                4
                         000012-0007FF              7EE
                         0016F4-007FFF             690C
        EEDATA           F00000-F000FF              100
        IDLOC            200000-200007                8
        MEDIUMCONST      0016F4-007FFF             690C
        RAM              000060-0007FF              100
        SFR              000F60-000FFF               A0
        SMALLCONST       0016F4-007FFF              100

                                  Symbol Table

?___awdiv                         cstackCOMRAM 00001D
?___lwdiv                         cstackCOMRAM 000022
?___lwmod                         cstackCOMRAM 00001D
_ADCON1                           (abs)        000FC1
_INTCONbits                       (abs)        000FF2
_PORTB                            (abs)        000F81
_PORTBbits                        (abs)        000F81
_PORTD                            (abs)        000F83
_PORTEbits                        (abs)        000F84
_T0CON                            (abs)        000FD5
_TMR0L                            (abs)        000FD6
_TRISB                            (abs)        000F93
_TRISD                            (abs)        000F95
_TRISE                            (abs)        000F96
__HRAM                            (abs)        000000
__H__absolute__                   __absolute__ 000000
__Habs1                           abs1         000000
__Hbank0                          bank0        000000
__Hbank1                          bank1        000000
__Hbank2                          bank2        000000
__Hbank3                          bank3        000000
__Hbank4                          bank4        000000
__Hbank5                          bank5        000000
__Hbank6                          bank6        000000
__Hbank7                          bank7        000000
__Hbigbss                         bigbss       000000
__Hbigdata                        bigdata      000000
__Hbigram                         bigram       000000
__Hbigsfr                         bigsfr       000000
__Hbss                            bss          000000
__HbssCOMRAM                      bssCOMRAM    000000
__Hcinit                          cinit        000000
__Hclrtext                        clrtext      000000
__Hcomram                         comram       000000
__Hconfig                         config       30000E
__Hconst                          const        000000
__HcstackCOMRAM                   cstackCOMRAM 000000
__Hdata                           data         000000
__HdataCOMRAM                     dataCOMRAM   000000
__Heeprom_data                    eeprom_data  000000
__Hfarbss                         farbss       000000
__Hfardata                        fardata      000000
__Hheap                           heap         000000
__Hibigdata                       ibigdata     000000
__Hidata                          idata        000000
__HidataCOMRAM                    idataCOMRAM  000000
__Hidloc                          idloc        000000
__Hifardata                       ifardata     000000
__Hinit                           init         000012
__Hintcode                        intcode      00000E
__Hintcode_body                   intcode_body 000000
__Hintcodelo                      intcodelo    00000E
__Hintentry                       intentry     000000
__Hintret                         intret       000000
__Hintsave_regs                   intsave_regs 000000
__Hirdata                         irdata       000000
__Hmediumconst                    mediumconst  000000
__HnvFARRAM                       nvFARRAM     000000
__Hnvbit                          nvbit        000000
__Hnvrram                         nvrram       000000
__Hparam                          rparam       000000
__Hpowerup                        powerup      00000E
__Hram                            ram          000000
__Hramtop                         ramtop       000800
__Hrbit                           rbit         000000
__Hrbss                           rbss         000000
__Hrdata                          rdata        000000
__Hreset_vec                      reset_vec    000004
__Hrparam                         rparam       000000
__Hsfr                            sfr          000000
__Hsivt_hi                        sivt_hi      000000
__Hsivt_lo                        sivt_lo      000000
__Hsmallconst                     smallconst   000816
__Hspace_0                        (abs)        0016F4
__Hspace_1                        (abs)        00003E
__Hspace_2                        (abs)        000000
__Hspace_4                        (abs)        60000E
__Hstack                          stack        000000
__Hstruct                         struct       000000
__Htemp                           temp         00003E
__Htext                           text         000000
__Htext0                          text0        000000
__Htext1                          text1        000000
__Htext10                         text10       000000
__Htext11                         text11       000000
__Htext12                         text12       000000
__Htext13                         text13       000000
__Htext14                         text14       000000
__Htext15                         text15       000000
__Htext16                         text16       000000
__Htext17                         text17       000000
__Htext18                         text18       000000
__Htext2                          text2        000000
__Htext3                          text3        000000
__Htext4                          text4        000000
__Htext5                          text5        000000
__Htext6                          text6        000000
__Htext7                          text7        000000
__Htext8                          text8        000000
__Htext9                          text9        000000
__LRAM                            (abs)        000001
__L__absolute__                   __absolute__ 000000
__Labs1                           abs1         000000
__Lbank0                          bank0        000000
__Lbank1                          bank1        000000
__Lbank2                          bank2        000000
__Lbank3                          bank3        000000
__Lbank4                          bank4        000000
__Lbank5                          bank5        000000
__Lbank6                          bank6        000000
__Lbank7                          bank7        000000
__Lbigbss                         bigbss       000000
__Lbigdata                        bigdata      000000
__Lbigram                         bigram       000000
__Lbigsfr                         bigsfr       000000
__Lbss                            bss          000000
__LbssCOMRAM                      bssCOMRAM    000000
__Lcinit                          cinit        000000
__Lclrtext                        clrtext      000000
__Lcomram                         comram       000000
__Lconfig                         config       000000
__Lconst                          const        000000
__LcstackCOMRAM                   cstackCOMRAM 000000
__Ldata                           data         000000
__LdataCOMRAM                     dataCOMRAM   000000
__Leeprom_data                    eeprom_data  000000
__Lfarbss                         farbss       000000
__Lfardata                        fardata      000000
__Lheap                           heap         000000
__Libigdata                       ibigdata     000000
__Lidata                          idata        000000
__LidataCOMRAM                    idataCOMRAM  000000
__Lidloc                          idloc        000000
__Lifardata                       ifardata     000000
__Linit                           init         00000E
__Lintcode                        intcode      000008
__Lintcode_body                   intcode_body 000000
__Lintcodelo                      intcodelo    00000E
__Lintentry                       intentry     000000
__Lintret                         intret       000000
__Lintsave_regs                   intsave_regs 000000
__Lirdata                         irdata       000000
__Lmediumconst                    mediumconst  000000
__LnvFARRAM                       nvFARRAM     000000
__Lnvbit                          nvbit        000000
__Lnvrram                         nvrram       000000
__Lparam                          rparam       000000
__Lpowerup                        powerup      00000E
__Lram                            ram          000000
__Lramtop                         ramtop       000800
__Lrbit                           rbit         000000
__Lrbss                           rbss         000000
__Lrdata                          rdata        000000
__Lreset_vec                      reset_vec    000000
__Lrparam                         rparam       000000
__Lsfr                            sfr          000000
__Lsivt_hi                        sivt_hi      000000
__Lsivt_lo                        sivt_lo      000000
__Lsmallconst                     smallconst   000800
__Lspace_0                        (abs)        000000
__Lspace_1                        (abs)        000000
__Lspace_2                        (abs)        000000
__Lspace_4                        (abs)        000000
__Lstack                          stack        000000
__Lstruct                         struct       000000
__Ltemp                           temp         00003D
__Ltext                           text         000000
__Ltext0                          text0        000000
__Ltext1                          text1        000000
__Ltext10                         text10       000000
__Ltext11                         text11       000000
__Ltext12                         text12       000000
__Ltext13                         text13       000000
__Ltext14                         text14       000000
__Ltext15                         text15       000000
__Ltext16                         text16       000000
__Ltext17                         text17       000000
__Ltext18                         text18       000000
__Ltext2                          text2        000000
__Ltext3                          text3        000000
__Ltext4                          text4        000000
__Ltext5                          text5        000000
__Ltext6                          text6        000000
__Ltext7                          text7        000000
__Ltext8                          text8        000000
__Ltext9                          text9        000000
__S0                              (abs)        0016F4
__S1                              (abs)        00003E
__S4                              (abs)        000000
__S5                              (abs)        000000
___awdiv                          text5        0011E2
___awdiv@counter                  cstackCOMRAM 000021
___awdiv@dividend                 cstackCOMRAM 00001D
___awdiv@divisor                  cstackCOMRAM 00001F
___awdiv@quotient                 cstackCOMRAM 000023
___awdiv@sign                     cstackCOMRAM 000022
___heap_hi                        (abs)        000000
___heap_lo                        (abs)        000000
___inthi_sp                       stack        000000
___inthi_stack_hi                 stack        000000
___inthi_stack_lo                 stack        000000
___intlo_sp                       stack        000000
___intlo_stack_hi                 stack        000000
___intlo_stack_lo                 stack        000000
___lwdiv                          text16       00131E
___lwdiv@counter                  cstackCOMRAM 000028
___lwdiv@dividend                 cstackCOMRAM 000022
___lwdiv@divisor                  cstackCOMRAM 000024
___lwdiv@quotient                 cstackCOMRAM 000026
___lwmod                          text15       001468
___lwmod@counter                  cstackCOMRAM 000021
___lwmod@dividend                 cstackCOMRAM 00001D
___lwmod@divisor                  cstackCOMRAM 00001F
___param_bank                     (abs)        000000
___rparam_used                    (abs)        000001
___sp                             stack        000000
___stack_hi                       stack        000000
___stack_lo                       stack        000000
__accesstop                       (abs)        000060
__activetblptr                    (abs)        000002
__end_of___awdiv                  text5        0012A6
__end_of___lwdiv                  text16       001392
__end_of___lwmod                  text15       0014CC
__end_of__initialization          cinit        001632
__end_of_atraso_ms                text13       0015C8
__end_of_high_isr                 intcode_body 0011E2
__end_of_init_interrupts          text18       0016F4
__end_of_init_timer0              text17       0016E6
__end_of_itoa                     text14       001468
__end_of_lcd_cmd                  text11       001694
__end_of_lcd_dat                  text7        00166A
__end_of_lcd_init                 text10       001528
__end_of_lcd_pos                  text9        000D2A
__end_of_lcd_set_cursor           text8        001580
__end_of_lcd_str                  text6        00131E
__end_of_lcd_wr                   text12       0016EE
__end_of_main                     text0        000F6E
__end_of_print_special_character  text4        0016BC
__end_of_special_char             text3        001606
__end_of_trata_teclas             text1        001400
__end_of_varre_teclas             text2        0010C4
__initialization                  cinit        001606
__mediumconst                     mediumconst  000000
__pbssCOMRAM                      bssCOMRAM    000037
__pcinit                          cinit        001606
__pcstackCOMRAM                   cstackCOMRAM 00001D
__pdataCOMRAM                     dataCOMRAM   000001
__pidataCOMRAM                    idataCOMRAM  0016BC
__pintcode                        intcode      000008
__pintcode_body                   intcode_body 0010C4
__psmallconst                     smallconst   000800
__ptext0                          text0        000D2A
__ptext1                          text1        001392
__ptext10                         text10       0014CC
__ptext11                         text11       00166A
__ptext12                         text12       0016E6
__ptext13                         text13       001580
__ptext14                         text14       001400
__ptext15                         text15       001468
__ptext16                         text16       00131E
__ptext17                         text17       0016D8
__ptext18                         text18       0016EE
__ptext2                          text2        000F6E
__ptext3                          text3        0015C8
__ptext4                          text4        001694
__ptext5                          text5        0011E2
__ptext6                          text6        0012A6
__ptext7                          text7        001640
__ptext8                          text8        001528
__ptext9                          text9        000816
__ramtop                          ramtop       000800
__smallconst                      smallconst   000800
_atraso_ms                        text13       001580
_ball_dir_x                       dataCOMRAM   000003
_ball_dir_y                       dataCOMRAM   000001
_ball_x                           dataCOMRAM   000007
_ball_y                           dataCOMRAM   000005
_data1                            dataCOMRAM   000015
_data2                            dataCOMRAM   00000D
_high_isr                         intcode      000008
_init_interrupts                  text18       0016EE
_init_timer0                      text17       0016D8
_itoa                             text14       001400
_lcd_cmd                          text11       00166A
_lcd_dat                          text7        001640
_lcd_init                         text10       0014CC
_lcd_pos                          text9        000816
_lcd_set_cursor                   text8        001528
_lcd_str                          text6        0012A6
_lcd_wr                           text12       0016E6
_main                             text0        000D2A
_player1_pos                      dataCOMRAM   00000B
_player2_pos                      dataCOMRAM   000009
_print_special_character          text4        001694
_score1                           bssCOMRAM    000039
_score2                           bssCOMRAM    000037
_special_char                     text3        0015C8
_tecla                            bssCOMRAM    00003C
_tecla_pres                       bssCOMRAM    00003B
_trata_teclas                     text1        001392
_varre_teclas                     text2        000F6E
atraso_ms@i                       cstackCOMRAM 00001F
atraso_ms@j                       cstackCOMRAM 000021
atraso_ms@valor                   cstackCOMRAM 00001D
btemp                             temp         00003D
end_of_initialization             cinit        001632
int$flags                         temp         00003D
int_func                          intcode_body 0010C4
intlevel0                         text         000000
intlevel1                         text         000000
intlevel2                         text         000000
intlevel3                         text         000000
isa$std                           (abs)        000001
isa$xinst                         (abs)        000000
itoa@str                          cstackCOMRAM 00002B
itoa@val                          cstackCOMRAM 000029
lcd_cmd@val                       cstackCOMRAM 000022
lcd_dat@val                       cstackCOMRAM 000022
lcd_pos@col                       cstackCOMRAM 00001F
lcd_pos@line                      cstackCOMRAM 00001D
lcd_set_cursor@address            cstackCOMRAM 000025
lcd_set_cursor@col                cstackCOMRAM 000024
lcd_set_cursor@row                cstackCOMRAM 000023
lcd_str@i                         cstackCOMRAM 000030
lcd_str@str                       cstackCOMRAM 00002C
lcd_wr@val                        cstackCOMRAM 00001D
main@buff                         cstackCOMRAM 000033
main@tecla_atual                  cstackCOMRAM 000036
print_special_character@cgram_loc cstackCOMRAM 000026
print_special_character@lcd_loc   cstackCOMRAM 000025
special_char@cgram_loc            cstackCOMRAM 000024
special_char@data                 cstackCOMRAM 000023
special_char@j                    cstackCOMRAM 000025
stackhi                           (abs)        000000
stacklo                           (abs)        000000
start                             init         00000E
start_initialization              cinit        001606
trata_teclas@t                    cstackCOMRAM 00001F
ttemp5                            temp         00003E
ttemp6                            temp         000041
ttemp7                            temp         000045
varre_teclas@key                  cstackCOMRAM 00001D
wtemp8                            temp         00003E


MODULE INFORMATION

Module		Function		Class		Link	Load	Size
C:\Program Files\Microchip\xc8\v2.46\pic\sources\c90\common\lwdiv.c
		___lwdiv       		CODE           	131E	0000	116

C:\Program Files\Microchip\xc8\v2.46\pic\sources\c90\common\lwdiv.c estimated size: 116

C:\Program Files\Microchip\xc8\v2.46\pic\sources\c90\common\awdiv.c
		___awdiv       		CODE           	11E2	0000	196

C:\Program Files\Microchip\xc8\v2.46\pic\sources\c90\common\awdiv.c estimated size: 196

../../../Documents/P2/PONG/16Keys.c
		_varre_teclas  		CODE           	0F6E	0000	342
		_trata_teclas  		CODE           	1392	0000	110

../../../Documents/P2/PONG/16Keys.c estimated size: 452

../../../Documents/P2/PONG/pong.c
		_main          		CODE           	0D2A	0000	580
		_special_char  		CODE           	15C8	0000	62
		_lcd_pos       		CODE           	0816	0000	1300
		_high_isr      		CODE           	0008	0000	292
		_init_timer0   		CODE           	16D8	0000	14
		_init_interrupts		CODE           	16EE	0000	6
		_itoa          		CODE           	1400	0000	104
		_print_special_character		CODE           	1694	0000	40

../../../Documents/P2/PONG/pong.c estimated size: 2398

shared
		__initialization		CODE           	1606	0000	44

shared estimated size: 44

C:\Program Files\Microchip\xc8\v2.46\pic\sources\c90\common\lwmod.c
		___lwmod       		CODE           	1468	0000	100

C:\Program Files\Microchip\xc8\v2.46\pic\sources\c90\common\lwmod.c estimated size: 100

../../../Documents/P2/PONG/lcd.c
		_lcd_cmd       		CODE           	166A	0000	42
		_lcd_dat       		CODE           	1640	0000	42
		_lcd_set_cursor		CODE           	1528	0000	88
		_lcd_wr        		CODE           	16E6	0000	8
		_lcd_str       		CODE           	12A6	0000	120
		_lcd_init      		CODE           	14CC	0000	92

../../../Documents/P2/PONG/lcd.c estimated size: 392

../../../Documents/P2/PONG/atraso.c
		_atraso_ms     		CODE           	1580	0000	72

../../../Documents/P2/PONG/atraso.c estimated size: 72

