Microchip MPLAB XC8 Compiler V2.46

Linker command line:

-W-3 \
  --edf=C:\Program Files\Microchip\xc8\v2.46\pic\dat\20240104201356_en.msgs \
  -cn -h+dist/default/production\dasdasd.X.production.sym \
  --cmf=dist/default/production\dasdasd.X.production.cmf -z -Q18F4550 \
  -oC:\Users\Aula\AppData\Local\Temp\xcAs5t0.\driver_tmp_3.o \
  --defsym=__MPLAB_BUILD=1 --fixupoverflow=error \
  -Mdist/default/production/dasdasd.X.production.map \
  --md=C:\Users\Aula\AppData\Local\Temp\xcAs5t0.\driver_tmp_0.dat -E1 \
  -ver=XC8 Compiler --acfsm=1493 -ACODE=00h-07FFFh -ACONST=00h-07FFFh \
  -ASMALLCONST=0800h-08FFhx120 -AMEDIUMCONST=0800h-07FFFh -ACOMRAM=01h-05Fh \
  -AABS1=00h-07FFh -ABIGRAM=01h-07FFh -ARAM=060h-0FFh,0100h-01FFhx7 \
  -ABANK0=060h-0FFh -ABANK1=0100h-01FFh -ABANK2=0200h-02FFh \
  -ABANK3=0300h-03FFh -ABANK4=0400h-04FFh -ABANK5=0500h-05FFh \
  -ABANK6=0600h-06FFh -ABANK7=0700h-07FFh -ASFR=0F60h-0FFFh \
  -ABIGSFR=0F60h-0FFFh -ACONFIG=0300000h-030000Dh -AIDLOC=0200000h-0200007h \
  -AEEDATA=0F00000h-0F000FFh -peeprom_data=EEDATA \
  -preset_vec=00h,intcode=8h,intcodelo,powerup,init -pramtop=0800h \
  -psmallconst=SMALLCONST -pmediumconst=MEDIUMCONST -pconst=CONST \
  -AFARRAM=00h-00h \
  -prdata=COMRAM,nvrram=COMRAM,nvbit=COMRAM,rbss=COMRAM,rbit=COMRAM \
  -pfarbss=FARRAM,fardata=FARRAM,nvFARRAM=FARRAM \
  -pintsave_regs=BIGRAM,bigbss=BIGRAM,bigdata=BIGRAM -pbss=RAM \
  -pidata=CODE,irdata=CODE,ibigdata=CODE,ifardata=CODE -prparam=COMRAM \
  C:\Users\Aula\AppData\Local\Temp\xcAs5t0.\driver_tmp_9.o \
  dist/default/production\dasdasd.X.production.o 

Object code version is 3.11

Machine type is 18F4550



                Name                               Link     Load   Length Selector   Space Scale
C:\Users\Aula\AppData\Local\Temp\xcAs5t0.\driver_tmp_9.o
                config                           300000   300000        E        0       4
                init                                  E        E        4        4       0
                reset_vec                             0        0        4        0       0
dist/default/production\dasdasd.X.production.o
                intcode                               8        8        6        4       0
                config                           300000   300000        E        0       4
                temp                                 4D       4D        1        1       1
                smallconst                          800      800        4      400       0
                intcode_body                       111C     111C      12A      402       0
                text18                             1246     1246       DC      402       0
                text17                             1828     1828       10      402       0
                text16                             145E     145E       74      402       0
                text15                             15A8     15A8       64      402       0
                text14                             1540     1540       68      402       0
                text13                             16C0     16C0       48      402       0
                text12                             1838     1838        8      402       0
                text11                             17B2     17B2       2A      402       0
                text10                             160C     160C       5C      402       0
                text9                               804      804      514      402       0
                text8                              1668     1668       58      402       0
                text7                              1788     1788       2A      402       0
                text6                              13E6     13E6       78      402       0
                text5                              1322     1322       C4      402       0
                text4                              17DC     17DC       28      402       0
                text3                              174A     174A       3E      402       0
                text2                               FC6      FC6      156      402       0
                text1                              14D2     14D2       6E      402       0
                text0                               D18      D18      2AE      402       0
                cstackCOMRAM                         25       25       24        1       1
                bssBANK0                             60       60       36       60       1
                dataCOMRAM                            1        1       24        1       1
                bssCOMRAM                            49       49        4        1       1
                cinit                              1708     1708       42      402       0
                idataCOMRAM                        1804     1804       24      402       0

TOTAL           Name                               Link     Load   Length     Space
        CLASS   CODE           
                intcode                               8        8        6         0
                init                                  E        E        4         0
                reset_vec                             0        0        4         0
                intcode_body                       111C     111C      12A         0
                text18                             1246     1246       DC         0
                text17                             1828     1828       10         0
                text16                             145E     145E       74         0
                text15                             15A8     15A8       64         0
                text14                             1540     1540       68         0
                text13                             16C0     16C0       48         0
                text12                             1838     1838        8         0
                text11                             17B2     17B2       2A         0
                text10                             160C     160C       5C         0
                text9                               804      804      514         0
                text8                              1668     1668       58         0
                text7                              1788     1788       2A         0
                text6                              13E6     13E6       78         0
                text5                              1322     1322       C4         0
                text4                              17DC     17DC       28         0
                text3                              174A     174A       3E         0
                text2                               FC6      FC6      156         0
                text1                              14D2     14D2       6E         0
                text0                               D18      D18      2AE         0
                cinit                              1708     1708       42         0
                idataCOMRAM                        1804     1804       24         0

        CLASS   CONST          

        CLASS   SMALLCONST     
                smallconst                          800      800        4         0

        CLASS   MEDIUMCONST    

        CLASS   COMRAM         
                temp                                 4D       4D        1         1
                cstackCOMRAM                         25       25       24         1
                dataCOMRAM                            1        1       24         1
                bssCOMRAM                            49       49        4         1

        CLASS   ABS1           

        CLASS   BIGRAM         

        CLASS   RAM            

        CLASS   BANK0          
                bssBANK0                             60       60       36         1

        CLASS   BANK1          

        CLASS   BANK2          

        CLASS   BANK3          

        CLASS   BANK4          

        CLASS   BANK5          

        CLASS   BANK6          

        CLASS   BANK7          

        CLASS   SFR            

        CLASS   BIGSFR         

        CLASS   CONFIG         
                config                           300000   300000        E         4

        CLASS   IDLOC          

        CLASS   EEDATA         

        CLASS   FARRAM         

        CLASS   HEAP           

        CLASS   STACK          



SEGMENTS        Name                           Load    Length   Top    Selector   Space  Class

                reset_vec                      000000  000004  000004         0       0  CODE    
                dataCOMRAM                     000001  00004D  00004E         1       1  COMRAM  
                intcode                        000008  00000A  000012         4       0  CODE    
                bssBANK0                       000060  000036  000096        60       1  BANK0   
                smallconst                     000800  000004  000804       400       0  SMALLCON
                text9                          000804  00103C  001840       402       0  CODE    


UNUSED ADDRESS RANGES

        Name                Unused          Largest block    Delta
        BANK0            000096-0000FF               6A
        BANK1            000100-0001FF              100
        BANK2            000200-0002FF              100
        BANK3            000300-0003FF              100
        BANK4            000400-0004FF              100
        BANK5            000500-0005FF              100
        BANK6            000600-0006FF              100
        BANK7            000700-0007FF              100
        BIGRAM           00004E-00005F               12
                         000096-0007FF              76A
        BIGSFR           000F60-000FFF               A0
        CODE             000004-000007                4
                         000012-0007FF              7EE
                         001840-007FFF             67C0
        COMRAM           00004E-00005F               12
        CONST            000004-000007                4
                         000012-0007FF              7EE
                         001840-007FFF             67C0
        EEDATA           F00000-F000FF              100
        IDLOC            200000-200007                8
        MEDIUMCONST      001840-007FFF             67C0
        RAM              000096-0007FF              100
        SFR              000F60-000FFF               A0
        SMALLCONST       001840-007FFF              100

                                  Symbol Table

?___awdiv                         cstackCOMRAM 00002D
?___lwdiv                         cstackCOMRAM 000032
?___lwmod                         cstackCOMRAM 00002D
_ADCON1                           (abs)        000FC1
_INTCONbits                       (abs)        000FF2
_PORTB                            (abs)        000F81
_PORTBbits                        (abs)        000F81
_PORTD                            (abs)        000F83
_PORTEbits                        (abs)        000F84
_T0CON                            (abs)        000FD5
_TMR0L                            (abs)        000FD6
_TRISB                            (abs)        000F93
_TRISD                            (abs)        000F95
_TRISE                            (abs)        000F96
__HRAM                            (abs)        000000
__H__absolute__                   __absolute__ 000000
__Habs1                           abs1         000000
__Hbank0                          bank0        000000
__Hbank1                          bank1        000000
__Hbank2                          bank2        000000
__Hbank3                          bank3        000000
__Hbank4                          bank4        000000
__Hbank5                          bank5        000000
__Hbank6                          bank6        000000
__Hbank7                          bank7        000000
__Hbigbss                         bigbss       000000
__Hbigdata                        bigdata      000000
__Hbigram                         bigram       000000
__Hbigsfr                         bigsfr       000000
__Hbss                            bss          000000
__HbssBANK0                       bssBANK0     000000
__HbssCOMRAM                      bssCOMRAM    000000
__Hcinit                          cinit        000000
__Hclrtext                        clrtext      000000
__Hcomram                         comram       000000
__Hconfig                         config       30000E
__Hconst                          const        000000
__HcstackCOMRAM                   cstackCOMRAM 000000
__Hdata                           data         000000
__HdataCOMRAM                     dataCOMRAM   000000
__Heeprom_data                    eeprom_data  000000
__Hfarbss                         farbss       000000
__Hfardata                        fardata      000000
__Hheap                           heap         000000
__Hibigdata                       ibigdata     000000
__Hidata                          idata        000000
__HidataCOMRAM                    idataCOMRAM  000000
__Hidloc                          idloc        000000
__Hifardata                       ifardata     000000
__Hinit                           init         000012
__Hintcode                        intcode      00000E
__Hintcode_body                   intcode_body 000000
__Hintcodelo                      intcodelo    00000E
__Hintentry                       intentry     000000
__Hintret                         intret       000000
__Hintsave_regs                   intsave_regs 000000
__Hirdata                         irdata       000000
__Hmediumconst                    mediumconst  000000
__HnvFARRAM                       nvFARRAM     000000
__Hnvbit                          nvbit        000000
__Hnvrram                         nvrram       000000
__Hparam                          rparam       000000
__Hpowerup                        powerup      00000E
__Hram                            ram          000000
__Hramtop                         ramtop       000800
__Hrbit                           rbit         000000
__Hrbss                           rbss         000000
__Hrdata                          rdata        000000
__Hreset_vec                      reset_vec    000004
__Hrparam                         rparam       000000
__Hsfr                            sfr          000000
__Hsivt_hi                        sivt_hi      000000
__Hsivt_lo                        sivt_lo      000000
__Hsmallconst                     smallconst   000804
__Hspace_0                        (abs)        001840
__Hspace_1                        (abs)        000096
__Hspace_2                        (abs)        000000
__Hspace_4                        (abs)        60000E
__Hstack                          stack        000000
__Hstruct                         struct       000000
__Htemp                           temp         00004E
__Htext                           text         000000
__Htext0                          text0        000000
__Htext1                          text1        000000
__Htext10                         text10       000000
__Htext11                         text11       000000
__Htext12                         text12       000000
__Htext13                         text13       000000
__Htext14                         text14       000000
__Htext15                         text15       000000
__Htext16                         text16       000000
__Htext17                         text17       000000
__Htext18                         text18       000000
__Htext2                          text2        000000
__Htext3                          text3        000000
__Htext4                          text4        000000
__Htext5                          text5        000000
__Htext6                          text6        000000
__Htext7                          text7        000000
__Htext8                          text8        000000
__Htext9                          text9        000000
__LRAM                            (abs)        000001
__L__absolute__                   __absolute__ 000000
__Labs1                           abs1         000000
__Lbank0                          bank0        000000
__Lbank1                          bank1        000000
__Lbank2                          bank2        000000
__Lbank3                          bank3        000000
__Lbank4                          bank4        000000
__Lbank5                          bank5        000000
__Lbank6                          bank6        000000
__Lbank7                          bank7        000000
__Lbigbss                         bigbss       000000
__Lbigdata                        bigdata      000000
__Lbigram                         bigram       000000
__Lbigsfr                         bigsfr       000000
__Lbss                            bss          000000
__LbssBANK0                       bssBANK0     000000
__LbssCOMRAM                      bssCOMRAM    000000
__Lcinit                          cinit        000000
__Lclrtext                        clrtext      000000
__Lcomram                         comram       000000
__Lconfig                         config       000000
__Lconst                          const        000000
__LcstackCOMRAM                   cstackCOMRAM 000000
__Ldata                           data         000000
__LdataCOMRAM                     dataCOMRAM   000000
__Leeprom_data                    eeprom_data  000000
__Lfarbss                         farbss       000000
__Lfardata                        fardata      000000
__Lheap                           heap         000000
__Libigdata                       ibigdata     000000
__Lidata                          idata        000000
__LidataCOMRAM                    idataCOMRAM  000000
__Lidloc                          idloc        000000
__Lifardata                       ifardata     000000
__Linit                           init         00000E
__Lintcode                        intcode      000008
__Lintcode_body                   intcode_body 000000
__Lintcodelo                      intcodelo    00000E
__Lintentry                       intentry     000000
__Lintret                         intret       000000
__Lintsave_regs                   intsave_regs 000000
__Lirdata                         irdata       000000
__Lmediumconst                    mediumconst  000000
__LnvFARRAM                       nvFARRAM     000000
__Lnvbit                          nvbit        000000
__Lnvrram                         nvrram       000000
__Lparam                          rparam       000000
__Lpowerup                        powerup      00000E
__Lram                            ram          000000
__Lramtop                         ramtop       000800
__Lrbit                           rbit         000000
__Lrbss                           rbss         000000
__Lrdata                          rdata        000000
__Lreset_vec                      reset_vec    000000
__Lrparam                         rparam       000000
__Lsfr                            sfr          000000
__Lsivt_hi                        sivt_hi      000000
__Lsivt_lo                        sivt_lo      000000
__Lsmallconst                     smallconst   000800
__Lspace_0                        (abs)        000000
__Lspace_1                        (abs)        000000
__Lspace_2                        (abs)        000000
__Lspace_4                        (abs)        000000
__Lstack                          stack        000000
__Lstruct                         struct       000000
__Ltemp                           temp         00004D
__Ltext                           text         000000
__Ltext0                          text0        000000
__Ltext1                          text1        000000
__Ltext10                         text10       000000
__Ltext11                         text11       000000
__Ltext12                         text12       000000
__Ltext13                         text13       000000
__Ltext14                         text14       000000
__Ltext15                         text15       000000
__Ltext16                         text16       000000
__Ltext17                         text17       000000
__Ltext18                         text18       000000
__Ltext2                          text2        000000
__Ltext3                          text3        000000
__Ltext4                          text4        000000
__Ltext5                          text5        000000
__Ltext6                          text6        000000
__Ltext7                          text7        000000
__Ltext8                          text8        000000
__Ltext9                          text9        000000
__S0                              (abs)        001840
__S1                              (abs)        000096
__S4                              (abs)        000000
__S5                              (abs)        000000
___awdiv                          text5        001322
___awdiv@counter                  cstackCOMRAM 000031
___awdiv@dividend                 cstackCOMRAM 00002D
___awdiv@divisor                  cstackCOMRAM 00002F
___awdiv@quotient                 cstackCOMRAM 000033
___awdiv@sign                     cstackCOMRAM 000032
___heap_hi                        (abs)        000000
___heap_lo                        (abs)        000000
___inthi_sp                       stack        000000
___inthi_stack_hi                 stack        000000
___inthi_stack_lo                 stack        000000
___intlo_sp                       stack        000000
___intlo_stack_hi                 stack        000000
___intlo_stack_lo                 stack        000000
___lwdiv                          text16       00145E
___lwdiv@counter                  cstackCOMRAM 000038
___lwdiv@dividend                 cstackCOMRAM 000032
___lwdiv@divisor                  cstackCOMRAM 000034
___lwdiv@quotient                 cstackCOMRAM 000036
___lwmod                          text15       0015A8
___lwmod@counter                  cstackCOMRAM 000031
___lwmod@dividend                 cstackCOMRAM 00002D
___lwmod@divisor                  cstackCOMRAM 00002F
___param_bank                     (abs)        000000
___rparam_used                    (abs)        000001
___sp                             stack        000000
___stack_hi                       stack        000000
___stack_lo                       stack        000000
__accesstop                       (abs)        000060
__activetblptr                    (abs)        000002
__end_of___awdiv                  text5        0013E6
__end_of___lwdiv                  text16       0014D2
__end_of___lwmod                  text15       00160C
__end_of__initialization          cinit        00173C
__end_of_atraso_ms                text13       001708
__end_of_high_isr                 intcode_body 001246
__end_of_inicializar              text18       001322
__end_of_init_timer0              text17       001838
__end_of_itoa                     text14       0015A8
__end_of_lcd_cmd                  text11       0017DC
__end_of_lcd_dat                  text7        0017B2
__end_of_lcd_init                 text10       001668
__end_of_lcd_pos                  text9        000D18
__end_of_lcd_set_cursor           text8        0016C0
__end_of_lcd_str                  text6        00145E
__end_of_lcd_wr                   text12       001840
__end_of_main                     text0        000FC6
__end_of_print_special_character  text4        001804
__end_of_special_char             text3        001788
__end_of_trata_teclas             text1        001540
__end_of_varre_teclas             text2        00111C
__initialization                  cinit        001708
__mediumconst                     mediumconst  000000
__pbssBANK0                       bssBANK0     000060
__pbssCOMRAM                      bssCOMRAM    000049
__pcinit                          cinit        001708
__pcstackCOMRAM                   cstackCOMRAM 000025
__pdataCOMRAM                     dataCOMRAM   000001
__pidataCOMRAM                    idataCOMRAM  001804
__pintcode                        intcode      000008
__pintcode_body                   intcode_body 00111C
__psmallconst                     smallconst   000800
__ptext0                          text0        000D18
__ptext1                          text1        0014D2
__ptext10                         text10       00160C
__ptext11                         text11       0017B2
__ptext12                         text12       001838
__ptext13                         text13       0016C0
__ptext14                         text14       001540
__ptext15                         text15       0015A8
__ptext16                         text16       00145E
__ptext17                         text17       001828
__ptext18                         text18       001246
__ptext2                          text2        000FC6
__ptext3                          text3        00174A
__ptext4                          text4        0017DC
__ptext5                          text5        001322
__ptext6                          text6        0013E6
__ptext7                          text7        001788
__ptext8                          text8        001668
__ptext9                          text9        000804
__ramtop                          ramtop       000800
__smallconst                      smallconst   000800
_atraso_ms                        text13       0016C0
_bullet_x                         dataCOMRAM   000003
_bullet_y                         dataCOMRAM   000001
_data1                            dataCOMRAM   00001D
_data2                            dataCOMRAM   00000D
_data3                            dataCOMRAM   000015
_high_isr                         intcode      000008
_inicializar                      text18       001246
_init_timer0                      text17       001828
_invaders                         bssBANK0     000060
_itoa                             text14       001540
_lcd_cmd                          text11       0017B2
_lcd_dat                          text7        001788
_lcd_init                         text10       00160C
_lcd_pos                          text9        000804
_lcd_set_cursor                   text8        001668
_lcd_str                          text6        0013E6
_lcd_wr                           text12       001838
_main                             text0        000D18
_print_special_character          text4        0017DC
_score                            bssCOMRAM    000049
_ship_pos                         dataCOMRAM   00000B
_ship_pos_y                       dataCOMRAM   000007
_ship_pos_z                       dataCOMRAM   000005
_ship_posz                        dataCOMRAM   000009
_special_char                     text3        00174A
_tecla                            bssCOMRAM    00004C
_tecla_pres                       bssCOMRAM    00004B
_trata_teclas                     text1        0014D2
_varre_teclas                     text2        000FC6
atraso_ms@i                       cstackCOMRAM 00002F
atraso_ms@j                       cstackCOMRAM 000031
atraso_ms@valor                   cstackCOMRAM 00002D
btemp                             temp         00004D
end_of_initialization             cinit        00173C
high_isr@i                        cstackCOMRAM 00002B
int$flags                         temp         00004D
int_func                          intcode_body 00111C
intlevel0                         text         000000
intlevel1                         text         000000
intlevel2                         text         000000
intlevel3                         text         000000
isa$std                           (abs)        000001
isa$xinst                         (abs)        000000
itoa@str                          cstackCOMRAM 00003B
itoa@val                          cstackCOMRAM 000039
lcd_cmd@val                       cstackCOMRAM 000032
lcd_dat@val                       cstackCOMRAM 000032
lcd_pos@col                       cstackCOMRAM 00002D
lcd_pos@line                      cstackCOMRAM 00002F
lcd_set_cursor@address            cstackCOMRAM 000035
lcd_set_cursor@col                cstackCOMRAM 000034
lcd_set_cursor@row                cstackCOMRAM 000033
lcd_str@i                         cstackCOMRAM 000040
lcd_str@str                       cstackCOMRAM 00003C
lcd_wr@val                        cstackCOMRAM 00002D
main@buff                         cstackCOMRAM 000043
main@i                            cstackCOMRAM 000047
main@tecla_atual                  cstackCOMRAM 000046
print_special_character@cgram_loc cstackCOMRAM 000036
print_special_character@lcd_loc   cstackCOMRAM 000035
special_char@cgram_loc            cstackCOMRAM 000034
special_char@data                 cstackCOMRAM 000033
special_char@j                    cstackCOMRAM 000035
stackhi                           (abs)        000000
stacklo                           (abs)        000000
start                             init         00000E
start_initialization              cinit        001708
trata_teclas@t                    cstackCOMRAM 00002F
ttemp5                            temp         00004E
ttemp6                            temp         000051
ttemp7                            temp         000055
varre_teclas@key                  cstackCOMRAM 00002D
wtemp8                            temp         00004E


MODULE INFORMATION

Module		Function		Class		Link	Load	Size
C:\Program Files\Microchip\xc8\v2.46\pic\sources\c90\common\lwdiv.c
		___lwdiv       		CODE           	145E	0000	116

C:\Program Files\Microchip\xc8\v2.46\pic\sources\c90\common\lwdiv.c estimated size: 116

C:\Program Files\Microchip\xc8\v2.46\pic\sources\c90\common\awdiv.c
		___awdiv       		CODE           	1322	0000	196

C:\Program Files\Microchip\xc8\v2.46\pic\sources\c90\common\awdiv.c estimated size: 196

../lcd.c
		_lcd_cmd       		CODE           	17B2	0000	42
		_lcd_dat       		CODE           	1788	0000	42
		_lcd_set_cursor		CODE           	1668	0000	88
		_lcd_wr        		CODE           	1838	0000	8
		_lcd_str       		CODE           	13E6	0000	120
		_lcd_init      		CODE           	160C	0000	92

../lcd.c estimated size: 392

../atraso.c
		_atraso_ms     		CODE           	16C0	0000	72

../atraso.c estimated size: 72

shared
		__initialization		CODE           	1708	0000	52

shared estimated size: 52

../invaders.c
		_main          		CODE           	0D18	0000	686
		_inicializar   		CODE           	1246	0000	220
		_special_char  		CODE           	174A	0000	62
		_lcd_pos       		CODE           	0804	0000	1300
		_high_isr      		CODE           	0008	0000	304
		_init_timer0   		CODE           	1828	0000	16
		_itoa          		CODE           	1540	0000	104
		_print_special_character		CODE           	17DC	0000	40

../invaders.c estimated size: 2732

C:\Program Files\Microchip\xc8\v2.46\pic\sources\c90\common\lwmod.c
		___lwmod       		CODE           	15A8	0000	100

C:\Program Files\Microchip\xc8\v2.46\pic\sources\c90\common\lwmod.c estimated size: 100

../16Keys.c
		_varre_teclas  		CODE           	0FC6	0000	342
		_trata_teclas  		CODE           	14D2	0000	110

../16Keys.c estimated size: 452

